// Jest Snapshot v1, https://goo.gl/fbAQLP

exports[`FinanceActionsDataService constructor init valid object 1`] = `FinanceActionsDataService {}`;
